🧪 Testing scraper with scroll functionality...

🚀 Starting complete Monvision scrape...
📍 Navigating to Monvision ecosystem...
⚠️  'All Projects' tab not found, continuing...
📜 Loading all projects...
🔄 Clicking "Load More" button (attempt 1)...
   📊 Projects before: 40, after: 80 (+40)
🔄 Clicking "Load More" button (attempt 2)...
   📊 Projects before: 80, after: 120 (+40)
🔄 Clicking "Load More" button (attempt 3)...
   📊 Projects before: 120, after: 160 (+40)
🔄 Clicking "Load More" button (attempt 4)...
   📊 Projects before: 160, after: 172 (+12)
✅ No more 'Load More' button found - all projects loaded
✅ Loaded all projects after 4 clicks
🔍 Extracting project URLs...
📊 Found 86 projects to enrich

[1/86] Enriching Tadle...
  🔍 Visiting https://testnet.monvision.io/project/Tadle...
  📋 Looking for Contracts tab...
  📂 Clicked Contracts tab, waiting for load...
  ✅ Found 3 contracts
  ✅ Tadle enriched

[2/86] Enriching HashGame...
  🔍 Visiting https://testnet.monvision.io/project/HashGame...
  📋 Looking for Contracts tab...
  📂 Clicked Contracts tab, waiting for load...
  ✅ Found 4 contracts
  ✅ HashGame enriched

[3/86] Enriching LumiterraGame...
  🔍 Visiting https://testnet.monvision.io/project/LumiterraGame...
  📋 Looking for Contracts tab...
  📂 Clicked Contracts tab, waiting for load...
  ✅ Found 3 contracts
  ✅ LumiterraGame enriched

[4/86] Enriching aPriori...
  🔍 Visiting https://testnet.monvision.io/project/aPriori...
  📋 Looking for Contracts tab...
  📂 Clicked Contracts tab, waiting for load...
  ✅ Found 3 contracts
  ✅ aPriori enriched

[5/86] Enriching Talentum...
  🔍 Visiting https://testnet.monvision.io/project/Talentum...
  📋 Looking for Contracts tab...
  📂 Clicked Contracts tab, waiting for load...
  ✅ Found 10 contracts
  ✅ Talentum enriched

[6/86] Enriching FastLane...
  🔍 Visiting https://testnet.monvision.io/project/FastLane...
  📋 Looking for Contracts tab...
  📂 Clicked Contracts tab, waiting for load...
  ✅ Found 2 contracts
  ✅ FastLane enriched

[7/86] Enriching Magma...
  🔍 Visiting https://testnet.monvision.io/project/Magma...
  📋 Looking for Contracts tab...
  📂 Clicked Contracts tab, waiting for load...
  ✅ Found 3 contracts
  ✅ Magma enriched

[8/86] Enriching Bean Exchange...
  🔍 Visiting https://testnet.monvision.io/project/Bean Exchange...
  📋 Looking for Contracts tab...
  📂 Clicked Contracts tab, waiting for load...
  ✅ Found 5 contracts
  ✅ Bean Exchange enriched

[9/86] Enriching Monorail...
  🔍 Visiting https://testnet.monvision.io/project/Monorail...
  📋 Looking for Contracts tab...
  📂 Clicked Contracts tab, waiting for load...
  ✅ Found 4 contracts
  ✅ Monorail enriched

[10/86] Enriching Uniswap...
  🔍 Visiting https://testnet.monvision.io/project/Uniswap...
  📋 Looking for Contracts tab...
  📂 Clicked Contracts tab, waiting for load...
  ✅ Found 7 contracts
  ✅ Uniswap enriched

[11/86] Enriching Wonad...
  🔍 Visiting https://testnet.monvision.io/project/Wonad...
  📋 Looking for Contracts tab...
  📂 Clicked Contracts tab, waiting for load...
  ✅ Found 4 contracts
  ✅ Wonad enriched

[12/86] Enriching Kintsu...
  🔍 Visiting https://testnet.monvision.io/project/Kintsu...
  📋 Looking for Contracts tab...
  📂 Clicked Contracts tab, waiting for load...
  ✅ Found 2 contracts
  ✅ Kintsu enriched

[13/86] Enriching Ambient...
  🔍 Visiting https://testnet.monvision.io/project/Ambient...
  📋 Looking for Contracts tab...
  📂 Clicked Contracts tab, waiting for load...
